******************************************************************************
             TMS320C2000 Linker PC v6.2.11                     
******************************************************************************
>> Linked Sun Apr 12 01:46:20 2015

OUTPUT FILE NAME:   <BuckPIDTest1.out>
ENTRY POINT SYMBOL: "code_start"  address: 00000000


MEMORY CONFIGURATION

         name            origin    length      used     unused   attr    fill
----------------------  --------  ---------  --------  --------  ----  --------
PAGE 0:
  BEGIN                 00000000   00000002  00000002  00000000  RWIX
  RAMM0                 00000122   000002de  000002dd  00000001  RWIX
  RAMLS0                00008000   00000800  00000800  00000000  RWIX
  RAMLS1                00008800   00000800  000007f7  00000009  RWIX
  RAMLS2                00009000   00000800  000000cb  00000735  RWIX
  RAMLS3                00009800   00000800  00000000  00000800  RWIX
  RAMLS4                0000a000   00000800  00000000  00000800  RWIX
  RAMD0                 0000b000   00000800  000007fe  00000002  RWIX
  RESET                 003fffc0   00000002  00000000  00000002  RWIX

PAGE 1:
  BOOT_RSVD             00000002   00000120  00000000  00000120  RWIX
  RAMM1                 00000400   00000400  00000100  00000300  RWIX
  ADCA_RESULT           00000b00   00000020  00000018  00000008  RWIX
  ADCB_RESULT           00000b20   00000020  00000018  00000008  RWIX
  ADCC_RESULT           00000b40   00000020  00000018  00000008  RWIX
  ADCD_RESULT           00000b60   00000020  00000018  00000008  RWIX
  CPU_TIMER0            00000c00   00000008  00000008  00000000  RWIX
  CPU_TIMER1            00000c08   00000008  00000008  00000000  RWIX
  CPU_TIMER2            00000c10   00000008  00000008  00000000  RWIX
  PIE_CTRL              00000ce0   00000020  0000001a  00000006  RWIX
  PIE_VECT              00000d00   00000200  000001c0  00000040  RWIX
  DMA                   00001000   00000200  000000e0  00000120  RWIX
  CLA1                  00001400   00000040  0000003e  00000002  RWIX
  EPWM1                 00004000   00000100  00000100  00000000  RWIX
  EPWM2                 00004100   00000100  00000100  00000000  RWIX
  EPWM3                 00004200   00000100  00000100  00000000  RWIX
  EPWM4                 00004300   00000100  00000100  00000000  RWIX
  EPWM5                 00004400   00000100  00000100  00000000  RWIX
  EPWM6                 00004500   00000100  00000100  00000000  RWIX
  EPWM7                 00004600   00000100  00000100  00000000  RWIX
  EPWM8                 00004700   00000100  00000100  00000000  RWIX
  EPWM9                 00004800   00000100  00000100  00000000  RWIX
  EPWM10                00004900   00000100  00000100  00000000  RWIX
  EPWM11                00004a00   00000100  00000100  00000000  RWIX
  EPWM12                00004b00   00000100  00000100  00000000  RWIX
  ECAP1                 00005000   00000020  00000020  00000000  RWIX
  ECAP2                 00005020   00000020  00000020  00000000  RWIX
  ECAP3                 00005040   00000020  00000020  00000000  RWIX
  ECAP4                 00005060   00000020  00000020  00000000  RWIX
  ECAP5                 00005080   00000020  00000020  00000000  RWIX
  ECAP6                 000050a0   00000020  00000020  00000000  RWIX
  EQEP1                 00005100   00000040  00000022  0000001e  RWIX
  EQEP2                 00005140   00000040  00000022  0000001e  RWIX
  EQEP3                 00005180   00000040  00000022  0000001e  RWIX
  DACA                  00005c00   00000010  00000008  00000008  RWIX
  DACB                  00005c10   00000010  00000008  00000008  RWIX
  DACC                  00005c20   00000010  00000008  00000008  RWIX
  CMPSS1                00005c80   00000020  00000020  00000000  RWIX
  CMPSS2                00005ca0   00000020  00000020  00000000  RWIX
  CMPSS3                00005cc0   00000020  00000020  00000000  RWIX
  CMPSS4                00005ce0   00000020  00000020  00000000  RWIX
  CMPSS5                00005d00   00000020  00000020  00000000  RWIX
  CMPSS6                00005d20   00000020  00000020  00000000  RWIX
  CMPSS7                00005d40   00000020  00000020  00000000  RWIX
  CMPSS8                00005d60   00000020  00000020  00000000  RWIX
  SDFM1                 00005e00   00000080  00000080  00000000  RWIX
  SDFM2                 00005e80   00000080  00000080  00000000  RWIX
  MCBSPA                00006000   00000040  00000024  0000001c  RWIX
  MCBSPB                00006040   00000040  00000024  0000001c  RWIX
  SPIA                  00006100   00000010  00000010  00000000  RWIX
  SPIB                  00006110   00000010  00000010  00000000  RWIX
  SPIC                  00006120   00000010  00000010  00000000  RWIX
  SPID                  00006130   00000010  00000000  00000010  RWIX
  UPP                   00006200   00000100  00000048  000000b8  RWIX
  WD                    00007000   00000040  0000002b  00000015  RWIX
  NMIINTRUPT            00007060   00000010  00000007  00000009  RWIX
  XINT                  00007070   00000010  0000000b  00000005  RWIX
  SCIA                  00007200   00000010  00000010  00000000  RWIX
  SCIB                  00007210   00000010  00000010  00000000  RWIX
  SCIC                  00007220   00000010  00000010  00000000  RWIX
  SCID                  00007230   00000010  00000010  00000000  RWIX
  I2CA                  00007300   00000040  00000022  0000001e  RWIX
  I2CB                  00007340   00000040  00000022  0000001e  RWIX
  ADCA                  00007400   00000080  00000080  00000000  RWIX
  ADCB                  00007480   00000080  00000080  00000000  RWIX
  ADCC                  00007500   00000080  00000080  00000000  RWIX
  ADCD                  00007580   00000080  00000080  00000000  RWIX
  INPUT_XBAR            00007900   00000020  00000020  00000000  RWIX
  XBAR                  00007920   00000020  00000020  00000000  RWIX
  TRIG                  00007940   00000010  00000006  0000000a  RWIX
  DMACLASRCSEL          00007980   00000040  0000001a  00000026  RWIX
  EPWM_XBAR             00007a00   00000040  00000040  00000000  RWIX
  CLB_XBAR              00007a40   00000040  00000000  00000040  RWIX
  OUTPUT_XBAR           00007a80   00000040  00000040  00000000  RWIX
  GPIOCTRL              00007c00   00000180  00000180  00000000  RWIX
  GPIODAT               00007f00   00000030  00000030  00000000  RWIX
  RAMLS5                0000a800   00000800  00000306  000004fa  RWIX
  RAMD1                 0000b800   00000800  00000000  00000800  RWIX
  RAMGS0                0000c000   00001000  00000000  00001000  RWIX
  RAMGS1                0000d000   00001000  00000000  00001000  RWIX
  RAMGS2                0000e000   00001000  00000000  00001000  RWIX
  RAMGS3                0000f000   00001000  00000000  00001000  RWIX
  RAMGS4                00010000   00001000  00000000  00001000  RWIX
  RAMGS5                00011000   00001000  00000000  00001000  RWIX
  RAMGS6                00012000   00001000  00000000  00001000  RWIX
  RAMGS7                00013000   00001000  00000000  00001000  RWIX
  RAMGS8                00014000   00001000  00000000  00001000  RWIX
  RAMGS9                00015000   00001000  00000000  00001000  RWIX
  RAMGS10               00016000   00001000  00000000  00001000  RWIX
  RAMGS11               00017000   00001000  00000000  00001000  RWIX
  RAMGS12               00018000   00001000  00000000  00001000  RWIX
  RAMGS13               00019000   00001000  00000000  00001000  RWIX
  RAMGS14               0001a000   00001000  00000000  00001000  RWIX
  RAMGS15               0001b000   00001000  00000000  00001000  RWIX
  CPU2TOCPU1RAM         0003f800   00000400  00000000  00000400  RWIX
  CPU1TOCPU2RAM         0003fc00   00000400  00000000  00000400  RWIX
  EMIF1                 00047000   00000800  00000070  00000790  RWIX
  EMIF2                 00047800   00000800  00000070  00000790  RWIX
  IPC                   00050000   00001000  00000026  00000fda  RWIX
  DEV_CFG               0005d000   00000180  0000012e  00000052  RWIX
  ANALOG_SUBSYS         0005d180   00000080  00000048  00000038  RWIX
  CLK_CFG               0005d200   00000100  00000032  000000ce  RWIX
  CPU_SYS               0005d300   00000100  00000082  0000007e  RWIX
  ROMPREFETCH           0005e608   00000002  00000002  00000000  RWIX
  DCSM_Z1               0005f000   00000030  00000024  0000000c  RWIX
  DCSM_Z2               0005f040   00000030  00000024  0000000c  RWIX
  DCSM_COMMON           0005f070   00000010  00000008  00000008  RWIX
  MEMCFG                0005f400   00000080  00000080  00000000  RWIX
  EMIF1CONFIG           0005f480   00000020  00000020  00000000  RWIX
  EMIF2CONFIG           0005f4a0   00000020  00000020  00000000  RWIX
  ACCESSPROTECTION      0005f4c0   00000040  00000040  00000000  RWIX
  MEMORYERROR           0005f500   00000040  00000040  00000000  RWIX
  ROMWAITSTATE          0005f540   00000002  00000002  00000000  RWIX
  FLASH0_CTRL           0005f800   00000300  00000182  0000017e  RWIX
  FLASH0_ECC            0005fb00   00000040  00000028  00000018  RWIX
  DCSM_Z1_OTP           00078000   00000020  00000020  00000000  RWIX
  DCSM_Z2_OTP           00078200   00000020  00000020  00000000  RWIX


SECTION ALLOCATION MAP

 output                                  attributes/
section   page    origin      length       input sections
--------  ----  ----------  ----------   ----------------
.pinit     0    00000122    00000000     UNINITIALIZED

codestart 
*          0    00000000    00000002     
                  00000000    00000002     F2837xD_CodeStartBranch.obj (codestart)

.cinit     0    00000122    000000b3     
                  00000122    00000064     Main.obj (.cinit)
                  00000186    0000001d     ot_pwm.obj (.cinit)
                  000001a3    00000010     System_init.obj (.cinit)
                  000001b3    0000000a     <whole-program> (.cinit)
                  000001bd    0000000a     rts2800_fpu32.lib : exit.obj (.cinit)
                  000001c7    00000008     InterruptServiceRoutines.obj (.cinit)
                  000001cf    00000004     SFO_v8_fpu_lib_build_c28.lib : SFO_v7_fpu_lib_build_c28.obj (.cinit)
                  000001d3    00000002     --HOLE-- [fill = 0]

ramfuncs   0    000001d5    00000004     
                  000001d5    00000004     F2837xD_usDelay.obj (ramfuncs)

.text.1    0    000001da    00000226     
                  000001da    000001ef     F2837xD_Gpio.obj (.text)
                  000003c9    00000028     F2837xD_PieCtrl.obj (.text)
                  000003f1    0000000e     rts2800_fpu32.lib : fd_sub.obj (.text)
                  000003ff    00000001                       : _lock.obj (.text)

Cla1SoftIntRegsFile 
*          1    00000ce0    00000004     DSECT
                  00000ce0    00000004     F2837xD_GlobalVariableDefs.obj (Cla1SoftIntRegsFile)

.text.2    0    00008000    00000800     
                  00008000    000004df     Main.obj (.text)
                  000084df    000002f6     F2837xD_SysCtrl.obj (.text)
                  000087d5    0000001f     rts2800_fpu32.lib : fd_tol.obj (.text)
                  000087f4    0000000c     pid.obj (.text)

.text.3    0    00008800    000007f7     
                  00008800    00000338     System_init.obj (.text)
                  00008b38    000000fd     F2837xD_Adc.obj (.text)
                  00008c35    000000f1     InterruptServiceRoutines.obj (.text)
                  00008d26    000000cc     InterruptServiceRoutines.obj (.text:retain)
                  00008df2    0000009c     rts2800_fpu32.lib : fd_add.obj (.text)
                  00008e8e    00000088                       : fs_div.obj (.text)
                  00008f16    00000083                       : fd_mpy.obj (.text)
                  00008f99    0000005e     F2837xD_CpuTimers.obj (.text)

.text.4    0    00009000    000000cb     
                  00009000    00000046     rts2800_fpu32.lib : boot.obj (.text)
                  00009046    00000019                       : args_main.obj (.text)
                  0000905f    00000019                       : exit.obj (.text)
                  00009078    00000018                       : ll_aox.obj (.text)
                  00009090    00000017                       : u_tofd.obj (.text)
                  000090a7    00000013     ot_pwm.obj (.text)
                  000090ba    00000011     F2837xD_PieVect.obj (.text)

.text.5    0    0000b000    000007fe     
                  0000b000    00000611     F2837xD_DefaultISR.obj (.text:retain)
                  0000b611    0000015a     SFO_v8_fpu_lib_build_c28.lib : SFO_v7_fpu_lib_build_c28.obj (.text)
                  0000b76b    0000008b     rts2800_fpu32.lib : fd_div.obj (.text)
                  0000b7f6    00000008     F2837xD_CodeStartBranch.obj (.text)

GETBUFFER 
*          0    0003f800    00000000     DSECT

GETWRITEIDX 
*          0    0003f800    00000000     DSECT

PUTREADIDX 
*          0    0003f800    00000000     DSECT

.reset     0    003fffc0    00000002     DSECT
                  003fffc0    00000002     rts2800_fpu32.lib : boot.obj (.reset)

.stack     1    00000400    00000100     UNINITIALIZED
                  00000400    00000100     --HOLE--

AdcaResultFile 
*          1    00000b00    00000018     UNINITIALIZED
                  00000b00    00000018     F2837xD_GlobalVariableDefs.obj (AdcaResultFile)

AdcbResultFile 
*          1    00000b20    00000018     UNINITIALIZED
                  00000b20    00000018     F2837xD_GlobalVariableDefs.obj (AdcbResultFile)

AdccResultFile 
*          1    00000b40    00000018     UNINITIALIZED
                  00000b40    00000018     F2837xD_GlobalVariableDefs.obj (AdccResultFile)

AdcdResultFile 
*          1    00000b60    00000018     UNINITIALIZED
                  00000b60    00000018     F2837xD_GlobalVariableDefs.obj (AdcdResultFile)

CpuTimer0RegsFile 
*          1    00000c00    00000008     UNINITIALIZED
                  00000c00    00000008     F2837xD_GlobalVariableDefs.obj (CpuTimer0RegsFile)

CpuTimer1RegsFile 
*          1    00000c08    00000008     UNINITIALIZED
                  00000c08    00000008     F2837xD_GlobalVariableDefs.obj (CpuTimer1RegsFile)

CpuTimer2RegsFile 
*          1    00000c10    00000008     UNINITIALIZED
                  00000c10    00000008     F2837xD_GlobalVariableDefs.obj (CpuTimer2RegsFile)

PieCtrlRegsFile 
*          1    00000ce0    0000001a     UNINITIALIZED
                  00000ce0    0000001a     F2837xD_GlobalVariableDefs.obj (PieCtrlRegsFile)

EmuKeyVar 
*          1    00000d00    00000001     UNINITIALIZED
                  00000d00    00000001     F2837xD_GlobalVariableDefs.obj (EmuKeyVar)

PieVectTableFile 
*          1    00000d00    000001c0     UNINITIALIZED
                  00000d00    000001c0     F2837xD_GlobalVariableDefs.obj (PieVectTableFile)

EmuBModeVar 
*          1    00000d01    00000001     UNINITIALIZED
                  00000d01    00000001     F2837xD_GlobalVariableDefs.obj (EmuBModeVar)

FlashCallbackVar 
*          1    00000d02    00000000     UNINITIALIZED

FlashScalingVar 
*          1    00000d02    00000000     UNINITIALIZED

DmaRegsFile 
*          1    00001000    000000e0     UNINITIALIZED
                  00001000    000000e0     F2837xD_GlobalVariableDefs.obj (DmaRegsFile)

Cla1RegsFile 
*          1    00001400    0000003e     UNINITIALIZED
                  00001400    0000003e     F2837xD_GlobalVariableDefs.obj (Cla1RegsFile)

EPwm1RegsFile 
*          1    00004000    00000100     UNINITIALIZED
                  00004000    00000100     F2837xD_GlobalVariableDefs.obj (EPwm1RegsFile)

EPwm2RegsFile 
*          1    00004100    00000100     UNINITIALIZED
                  00004100    00000100     F2837xD_GlobalVariableDefs.obj (EPwm2RegsFile)

EPwm3RegsFile 
*          1    00004200    00000100     UNINITIALIZED
                  00004200    00000100     F2837xD_GlobalVariableDefs.obj (EPwm3RegsFile)

EPwm4RegsFile 
*          1    00004300    00000100     UNINITIALIZED
                  00004300    00000100     F2837xD_GlobalVariableDefs.obj (EPwm4RegsFile)

EPwm5RegsFile 
*          1    00004400    00000100     UNINITIALIZED
                  00004400    00000100     F2837xD_GlobalVariableDefs.obj (EPwm5RegsFile)

EPwm6RegsFile 
*          1    00004500    00000100     UNINITIALIZED
                  00004500    00000100     F2837xD_GlobalVariableDefs.obj (EPwm6RegsFile)

EPwm7RegsFile 
*          1    00004600    00000100     UNINITIALIZED
                  00004600    00000100     F2837xD_GlobalVariableDefs.obj (EPwm7RegsFile)

EPwm8RegsFile 
*          1    00004700    00000100     UNINITIALIZED
                  00004700    00000100     F2837xD_GlobalVariableDefs.obj (EPwm8RegsFile)

EPwm9RegsFile 
*          1    00004800    00000100     UNINITIALIZED
                  00004800    00000100     F2837xD_GlobalVariableDefs.obj (EPwm9RegsFile)

EPwm10RegsFile 
*          1    00004900    00000100     UNINITIALIZED
                  00004900    00000100     F2837xD_GlobalVariableDefs.obj (EPwm10RegsFile)

EPwm11RegsFile 
*          1    00004a00    00000100     UNINITIALIZED
                  00004a00    00000100     F2837xD_GlobalVariableDefs.obj (EPwm11RegsFile)

EPwm12RegsFile 
*          1    00004b00    00000100     UNINITIALIZED
                  00004b00    00000100     F2837xD_GlobalVariableDefs.obj (EPwm12RegsFile)

ECap1RegsFile 
*          1    00005000    00000020     UNINITIALIZED
                  00005000    00000020     F2837xD_GlobalVariableDefs.obj (ECap1RegsFile)

ECap2RegsFile 
*          1    00005020    00000020     UNINITIALIZED
                  00005020    00000020     F2837xD_GlobalVariableDefs.obj (ECap2RegsFile)

ECap3RegsFile 
*          1    00005040    00000020     UNINITIALIZED
                  00005040    00000020     F2837xD_GlobalVariableDefs.obj (ECap3RegsFile)

ECap4RegsFile 
*          1    00005060    00000020     UNINITIALIZED
                  00005060    00000020     F2837xD_GlobalVariableDefs.obj (ECap4RegsFile)

ECap5RegsFile 
*          1    00005080    00000020     UNINITIALIZED
                  00005080    00000020     F2837xD_GlobalVariableDefs.obj (ECap5RegsFile)

ECap6RegsFile 
*          1    000050a0    00000020     UNINITIALIZED
                  000050a0    00000020     F2837xD_GlobalVariableDefs.obj (ECap6RegsFile)

EQep1RegsFile 
*          1    00005100    00000022     UNINITIALIZED
                  00005100    00000022     F2837xD_GlobalVariableDefs.obj (EQep1RegsFile)

EQep2RegsFile 
*          1    00005140    00000022     UNINITIALIZED
                  00005140    00000022     F2837xD_GlobalVariableDefs.obj (EQep2RegsFile)

EQep3RegsFile 
*          1    00005180    00000022     UNINITIALIZED
                  00005180    00000022     F2837xD_GlobalVariableDefs.obj (EQep3RegsFile)

DacaRegsFile 
*          1    00005c00    00000008     UNINITIALIZED
                  00005c00    00000008     F2837xD_GlobalVariableDefs.obj (DacaRegsFile)

DacbRegsFile 
*          1    00005c10    00000008     UNINITIALIZED
                  00005c10    00000008     F2837xD_GlobalVariableDefs.obj (DacbRegsFile)

DaccRegsFile 
*          1    00005c20    00000008     UNINITIALIZED
                  00005c20    00000008     F2837xD_GlobalVariableDefs.obj (DaccRegsFile)

Cmpss1RegsFile 
*          1    00005c80    00000020     UNINITIALIZED
                  00005c80    00000020     F2837xD_GlobalVariableDefs.obj (Cmpss1RegsFile)

Cmpss2RegsFile 
*          1    00005ca0    00000020     UNINITIALIZED
                  00005ca0    00000020     F2837xD_GlobalVariableDefs.obj (Cmpss2RegsFile)

Cmpss3RegsFile 
*          1    00005cc0    00000020     UNINITIALIZED
                  00005cc0    00000020     F2837xD_GlobalVariableDefs.obj (Cmpss3RegsFile)

Cmpss4RegsFile 
*          1    00005ce0    00000020     UNINITIALIZED
                  00005ce0    00000020     F2837xD_GlobalVariableDefs.obj (Cmpss4RegsFile)

Cmpss5RegsFile 
*          1    00005d00    00000020     UNINITIALIZED
                  00005d00    00000020     F2837xD_GlobalVariableDefs.obj (Cmpss5RegsFile)

Cmpss6RegsFile 
*          1    00005d20    00000020     UNINITIALIZED
                  00005d20    00000020     F2837xD_GlobalVariableDefs.obj (Cmpss6RegsFile)

Cmpss7RegsFile 
*          1    00005d40    00000020     UNINITIALIZED
                  00005d40    00000020     F2837xD_GlobalVariableDefs.obj (Cmpss7RegsFile)

Cmpss8RegsFile 
*          1    00005d60    00000020     UNINITIALIZED
                  00005d60    00000020     F2837xD_GlobalVariableDefs.obj (Cmpss8RegsFile)

Sdfm1RegsFile 
*          1    00005e00    00000080     UNINITIALIZED
                  00005e00    00000080     F2837xD_GlobalVariableDefs.obj (Sdfm1RegsFile)

Sdfm2RegsFile 
*          1    00005e80    00000080     UNINITIALIZED
                  00005e80    00000080     F2837xD_GlobalVariableDefs.obj (Sdfm2RegsFile)

McbspaRegsFile 
*          1    00006000    00000024     UNINITIALIZED
                  00006000    00000024     F2837xD_GlobalVariableDefs.obj (McbspaRegsFile)

McbspbRegsFile 
*          1    00006040    00000024     UNINITIALIZED
                  00006040    00000024     F2837xD_GlobalVariableDefs.obj (McbspbRegsFile)

SpiaRegsFile 
*          1    00006100    00000010     UNINITIALIZED
                  00006100    00000010     F2837xD_GlobalVariableDefs.obj (SpiaRegsFile)

SpibRegsFile 
*          1    00006110    00000010     UNINITIALIZED
                  00006110    00000010     F2837xD_GlobalVariableDefs.obj (SpibRegsFile)

SpicRegsFile 
*          1    00006120    00000010     UNINITIALIZED
                  00006120    00000010     F2837xD_GlobalVariableDefs.obj (SpicRegsFile)

UppRegsFile 
*          1    00006200    00000048     UNINITIALIZED
                  00006200    00000048     F2837xD_GlobalVariableDefs.obj (UppRegsFile)

WdRegsFile 
*          1    00007000    0000002b     UNINITIALIZED
                  00007000    0000002b     F2837xD_GlobalVariableDefs.obj (WdRegsFile)

NmiIntruptRegsFile 
*          1    00007060    00000007     UNINITIALIZED
                  00007060    00000007     F2837xD_GlobalVariableDefs.obj (NmiIntruptRegsFile)

XintRegsFile 
*          1    00007070    0000000b     UNINITIALIZED
                  00007070    0000000b     F2837xD_GlobalVariableDefs.obj (XintRegsFile)

SciaRegsFile 
*          1    00007200    00000010     UNINITIALIZED
                  00007200    00000010     F2837xD_GlobalVariableDefs.obj (SciaRegsFile)

ScibRegsFile 
*          1    00007210    00000010     UNINITIALIZED
                  00007210    00000010     F2837xD_GlobalVariableDefs.obj (ScibRegsFile)

ScicRegsFile 
*          1    00007220    00000010     UNINITIALIZED
                  00007220    00000010     F2837xD_GlobalVariableDefs.obj (ScicRegsFile)

ScidRegsFile 
*          1    00007230    00000010     UNINITIALIZED
                  00007230    00000010     F2837xD_GlobalVariableDefs.obj (ScidRegsFile)

I2caRegsFile 
*          1    00007300    00000022     UNINITIALIZED
                  00007300    00000022     F2837xD_GlobalVariableDefs.obj (I2caRegsFile)

I2cbRegsFile 
*          1    00007340    00000022     UNINITIALIZED
                  00007340    00000022     F2837xD_GlobalVariableDefs.obj (I2cbRegsFile)

AdcaRegsFile 
*          1    00007400    00000080     UNINITIALIZED
                  00007400    00000080     F2837xD_GlobalVariableDefs.obj (AdcaRegsFile)

AdcbRegsFile 
*          1    00007480    00000080     UNINITIALIZED
                  00007480    00000080     F2837xD_GlobalVariableDefs.obj (AdcbRegsFile)

AdccRegsFile 
*          1    00007500    00000080     UNINITIALIZED
                  00007500    00000080     F2837xD_GlobalVariableDefs.obj (AdccRegsFile)

AdcdRegsFile 
*          1    00007580    00000080     UNINITIALIZED
                  00007580    00000080     F2837xD_GlobalVariableDefs.obj (AdcdRegsFile)

InputXbarRegsFile 
*          1    00007900    00000020     UNINITIALIZED
                  00007900    00000020     F2837xD_GlobalVariableDefs.obj (InputXbarRegsFile)

XbarRegsFile 
*          1    00007920    00000020     UNINITIALIZED
                  00007920    00000020     F2837xD_GlobalVariableDefs.obj (XbarRegsFile)

TrigRegsFile 
*          1    00007940    00000006     UNINITIALIZED
                  00007940    00000006     F2837xD_GlobalVariableDefs.obj (TrigRegsFile)

DmaClaSrcSelRegsFile 
*          1    00007980    0000001a     UNINITIALIZED
                  00007980    0000001a     F2837xD_GlobalVariableDefs.obj (DmaClaSrcSelRegsFile)

EPwmXbarRegsFile 
*          1    00007a00    00000040     UNINITIALIZED
                  00007a00    00000040     F2837xD_GlobalVariableDefs.obj (EPwmXbarRegsFile)

OutputXbarRegsFile 
*          1    00007a80    00000040     UNINITIALIZED
                  00007a80    00000040     F2837xD_GlobalVariableDefs.obj (OutputXbarRegsFile)

GpioCtrlRegsFile 
*          1    00007c00    00000180     UNINITIALIZED
                  00007c00    00000180     F2837xD_GlobalVariableDefs.obj (GpioCtrlRegsFile)

GpioDataRegsFile 
*          1    00007f00    00000030     UNINITIALIZED
                  00007f00    00000030     F2837xD_GlobalVariableDefs.obj (GpioDataRegsFile)

.econst    1    0000a800    000001d0     
                  0000a800    000001c0     F2837xD_PieVect.obj (.econst)
                  0000a9c0    00000010     Main.obj (.econst)

.ebss      1    0000a9d0    00000136     UNINITIALIZED
                  0000a9d0    00000018     F2837xD_CpuTimers.obj (.ebss)
                  0000a9e8    00000016     ot_pwm.obj (.ebss)
                  0000a9fe    00000001     cpu.obj (.ebss)
                  0000a9ff    00000001     --HOLE--
                  0000aa00    000000a6     InterruptServiceRoutines.obj (.ebss)
                  0000aaa6    0000000f     SFO_v8_fpu_lib_build_c28.lib : SFO_v7_fpu_lib_build_c28.obj (.ebss)
                  0000aab5    00000004     System_init.obj (.ebss)
                  0000aab9    00000001     --HOLE--
                  0000aaba    00000004     rts2800_fpu32.lib : _lock.obj (.ebss)
                  0000aabe    00000002     --HOLE--
                  0000aac0    00000042     Main.obj (.ebss)
                  0000ab02    00000004     rts2800_fpu32.lib : exit.obj (.ebss)

Emif1RegsFile 
*          1    00047000    00000070     UNINITIALIZED
                  00047000    00000070     F2837xD_GlobalVariableDefs.obj (Emif1RegsFile)

Emif2RegsFile 
*          1    00047800    00000070     UNINITIALIZED
                  00047800    00000070     F2837xD_GlobalVariableDefs.obj (Emif2RegsFile)

IpcRegsFile 
*          1    00050000    00000026     UNINITIALIZED
                  00050000    00000026     F2837xD_GlobalVariableDefs.obj (IpcRegsFile)

DevCfgRegsFile 
*          1    0005d000    0000012e     UNINITIALIZED
                  0005d000    0000012e     F2837xD_GlobalVariableDefs.obj (DevCfgRegsFile)

AnalogSubsysRegsFile 
*          1    0005d180    00000048     UNINITIALIZED
                  0005d180    00000048     F2837xD_GlobalVariableDefs.obj (AnalogSubsysRegsFile)

ClkCfgRegsFile 
*          1    0005d200    00000032     UNINITIALIZED
                  0005d200    00000032     F2837xD_GlobalVariableDefs.obj (ClkCfgRegsFile)

CpuSysRegsFile 
*          1    0005d300    00000082     UNINITIALIZED
                  0005d300    00000082     F2837xD_GlobalVariableDefs.obj (CpuSysRegsFile)

RomPrefetchRegsFile 
*          1    0005e608    00000002     UNINITIALIZED
                  0005e608    00000002     F2837xD_GlobalVariableDefs.obj (RomPrefetchRegsFile)

DcsmZ1RegsFile 
*          1    0005f000    00000024     UNINITIALIZED
                  0005f000    00000024     F2837xD_GlobalVariableDefs.obj (DcsmZ1RegsFile)

DcsmZ2RegsFile 
*          1    0005f040    00000024     UNINITIALIZED
                  0005f040    00000024     F2837xD_GlobalVariableDefs.obj (DcsmZ2RegsFile)

DcsmCommonRegsFile 
*          1    0005f070    00000008     UNINITIALIZED
                  0005f070    00000008     F2837xD_GlobalVariableDefs.obj (DcsmCommonRegsFile)

MemCfgRegsFile 
*          1    0005f400    00000080     UNINITIALIZED
                  0005f400    00000080     F2837xD_GlobalVariableDefs.obj (MemCfgRegsFile)

Emif1ConfigRegsFile 
*          1    0005f480    00000020     UNINITIALIZED
                  0005f480    00000020     F2837xD_GlobalVariableDefs.obj (Emif1ConfigRegsFile)

Emif2ConfigRegsFile 
*          1    0005f4a0    00000020     UNINITIALIZED
                  0005f4a0    00000020     F2837xD_GlobalVariableDefs.obj (Emif2ConfigRegsFile)

AccessProtectionRegsFile 
*          1    0005f4c0    00000040     UNINITIALIZED
                  0005f4c0    00000040     F2837xD_GlobalVariableDefs.obj (AccessProtectionRegsFile)

MemoryErrorRegsFile 
*          1    0005f500    00000040     UNINITIALIZED
                  0005f500    00000040     F2837xD_GlobalVariableDefs.obj (MemoryErrorRegsFile)

RomWaitStateRegsFile 
*          1    0005f540    00000002     UNINITIALIZED
                  0005f540    00000002     F2837xD_GlobalVariableDefs.obj (RomWaitStateRegsFile)

Flash0CtrlRegsFile 
*          1    0005f800    00000182     UNINITIALIZED
                  0005f800    00000182     F2837xD_GlobalVariableDefs.obj (Flash0CtrlRegsFile)

Flash0EccRegsFile 
*          1    0005fb00    00000028     UNINITIALIZED
                  0005fb00    00000028     F2837xD_GlobalVariableDefs.obj (Flash0EccRegsFile)

DcsmZ1OtpFile 
*          1    00078000    00000020     NOLOAD SECTION
                  00078000    00000020     F2837xD_GlobalVariableDefs.obj (DcsmZ1OtpFile)

DcsmZ2OtpFile 
*          1    00078200    00000020     NOLOAD SECTION
                  00078200    00000020     F2837xD_GlobalVariableDefs.obj (DcsmZ2OtpFile)


GLOBAL DATA SYMBOLS: SORTED BY DATA PAGE

address     data page           name
--------    ----------------    ----
00000400      10 (00000400)     __stack

00000b00      2c (00000b00)     _AdcaResultRegs
00000b20      2c (00000b00)     _AdcbResultRegs

00000b40      2d (00000b40)     _AdccResultRegs
00000b60      2d (00000b40)     _AdcdResultRegs

00000c00      30 (00000c00)     _CpuTimer0Regs
00000c08      30 (00000c00)     _CpuTimer1Regs
00000c10      30 (00000c00)     _CpuTimer2Regs

00000ce0      33 (00000cc0)     _Cla1SoftIntRegs
00000ce0      33 (00000cc0)     _PieCtrlRegs

00000d00      34 (00000d00)     _EmuKey
00000d00      34 (00000d00)     _PieVectTable
00000d01      34 (00000d00)     _EmuBMode

00001000      40 (00001000)     _DmaRegs

00001400      50 (00001400)     _Cla1Regs

00004000     100 (00004000)     _EPwm1Regs

00004100     104 (00004100)     _EPwm2Regs

00004200     108 (00004200)     _EPwm3Regs

00004300     10c (00004300)     _EPwm4Regs

00004400     110 (00004400)     _EPwm5Regs

00004500     114 (00004500)     _EPwm6Regs

00004600     118 (00004600)     _EPwm7Regs

00004700     11c (00004700)     _EPwm8Regs

00004800     120 (00004800)     _EPwm9Regs

00004900     124 (00004900)     _EPwm10Regs

00004a00     128 (00004a00)     _EPwm11Regs

00004b00     12c (00004b00)     _EPwm12Regs

00005000     140 (00005000)     _ECap1Regs
00005020     140 (00005000)     _ECap2Regs

00005040     141 (00005040)     _ECap3Regs
00005060     141 (00005040)     _ECap4Regs

00005080     142 (00005080)     _ECap5Regs
000050a0     142 (00005080)     _ECap6Regs

00005100     144 (00005100)     _EQep1Regs

00005140     145 (00005140)     _EQep2Regs

00005180     146 (00005180)     _EQep3Regs

00005c00     170 (00005c00)     _DacaRegs
00005c10     170 (00005c00)     _DacbRegs
00005c20     170 (00005c00)     _DaccRegs

00005c80     172 (00005c80)     _Cmpss1Regs
00005ca0     172 (00005c80)     _Cmpss2Regs

00005cc0     173 (00005cc0)     _Cmpss3Regs
00005ce0     173 (00005cc0)     _Cmpss4Regs

00005d00     174 (00005d00)     _Cmpss5Regs
00005d20     174 (00005d00)     _Cmpss6Regs

00005d40     175 (00005d40)     _Cmpss7Regs
00005d60     175 (00005d40)     _Cmpss8Regs

00005e00     178 (00005e00)     _Sdfm1Regs

00005e80     17a (00005e80)     _Sdfm2Regs

00006000     180 (00006000)     _McbspaRegs

00006040     181 (00006040)     _McbspbRegs

00006100     184 (00006100)     _SpiaRegs
00006110     184 (00006100)     _SpibRegs
00006120     184 (00006100)     _SpicRegs

00006200     188 (00006200)     _UppRegs

00007000     1c0 (00007000)     _WdRegs

00007060     1c1 (00007040)     _NmiIntruptRegs
00007070     1c1 (00007040)     _XintRegs

00007200     1c8 (00007200)     _SciaRegs
00007210     1c8 (00007200)     _ScibRegs
00007220     1c8 (00007200)     _ScicRegs
00007230     1c8 (00007200)     _ScidRegs

00007300     1cc (00007300)     _I2caRegs

00007340     1cd (00007340)     _I2cbRegs

00007400     1d0 (00007400)     _AdcaRegs

00007480     1d2 (00007480)     _AdcbRegs

00007500     1d4 (00007500)     _AdccRegs

00007580     1d6 (00007580)     _AdcdRegs

00007900     1e4 (00007900)     _InputXbarRegs
00007920     1e4 (00007900)     _XbarRegs

00007940     1e5 (00007940)     _TrigRegs

00007980     1e6 (00007980)     _DmaClaSrcSelRegs

00007a00     1e8 (00007a00)     _EPwmXbarRegs

00007a80     1ea (00007a80)     _OutputXbarRegs

00007c00     1f0 (00007c00)     _GpioCtrlRegs

00007f00     1fc (00007f00)     _GpioDataRegs

0000a800     2a0 (0000a800)     _PieVectTableInit

0000a9d0     2a7 (0000a9c0)     _CpuTimer0
0000a9d8     2a7 (0000a9c0)     _CpuTimer2
0000a9e0     2a7 (0000a9c0)     _CpuTimer1
0000a9e8     2a7 (0000a9c0)     _gMinPulseWidthLowSide_ns
0000a9e9     2a7 (0000a9c0)     _gMinPulseWidthHighSide_ns
0000a9ea     2a7 (0000a9c0)     _MEP_ScaleFactor
0000a9ec     2a7 (0000a9c0)     _ePWM
0000a9fe     2a7 (0000a9c0)     _cpu

0000aa01     2a8 (0000aa00)     _gLEDcnt
0000aa02     2a8 (0000aa00)     _gOutputCurrentCounts
0000aa03     2a8 (0000aa00)     _gOutputVoltageCounts
0000aa04     2a8 (0000aa00)     _gPIDOutputVoltageHandle
0000aa06     2a8 (0000aa00)     _gOutputCurrent
0000aa08     2a8 (0000aa00)     _gOutputVoltage
0000aa0a     2a8 (0000aa00)     _gPIDOutputVoltage

0000aa40     2a9 (0000aa40)     _gAdcaBufCounts

0000aa80     2aa (0000aa80)     _gAdcdBufCounts
0000aaab     2aa (0000aa80)     _SFO_CAL
0000aaac     2aa (0000aa80)     _MEP_SF
0000aab5     2aa (0000aa80)     _gADC_inputCurrent_trip_limitLow
0000aab6     2aa (0000aa80)     _gADC_inputCurrent_trip_limitHigh
0000aab7     2aa (0000aa80)     _gADC_outputCurrent_trip_limitLow
0000aab8     2aa (0000aa80)     _gADC_outputCurrent_trip_limitHigh
0000aaba     2aa (0000aa80)     __lock
0000aabc     2aa (0000aa80)     __unlock

0000aac0     2ab (0000aac0)     _gEnablePID
0000aac1     2ab (0000aac0)     _SwitchingFrequencyKHz
0000aac2     2ab (0000aac0)     _gReferenceVoltageCounts
0000aac3     2ab (0000aac0)     _RunPWM
0000aac4     2ab (0000aac0)     _gEnableSetFreq
0000aac5     2ab (0000aac0)     _delay
0000aac6     2ab (0000aac0)     _gB1
0000aac8     2ab (0000aac0)     _gOptimalFreq
0000aaca     2ab (0000aac0)     _FED_ns
0000aacc     2ab (0000aac0)     _RED_ps
0000aace     2ab (0000aac0)     _gA1
0000aad0     2ab (0000aac0)     _FED_ps
0000aad2     2ab (0000aac0)     _gActualDuty
0000aad4     2ab (0000aac0)     _gDbredOffset
0000aad6     2ab (0000aac0)     _gTonAddedScale
0000aad8     2ab (0000aac0)     _gCtrl_Ton_scale
0000aada     2ab (0000aac0)     _gDbfedOffset
0000aadc     2ab (0000aac0)     _gCtrl_Ton_offset
0000aade     2ab (0000aac0)     _gTon
0000aae0     2ab (0000aac0)     _gLoadDuty
0000aae2     2ab (0000aac0)     _gPeriod
0000aae4     2ab (0000aac0)     _gCompareA
0000aae6     2ab (0000aac0)     _maxDuty
0000aae8     2ab (0000aac0)     _minDuty
0000aaea     2ab (0000aac0)     _VoutFilt
0000aaec     2ab (0000aac0)     _Vout
0000aaee     2ab (0000aac0)     _gPulseWidth1_ns
0000aaf0     2ab (0000aac0)     _gPeriod_ns
0000aaf2     2ab (0000aac0)     _duty_increment
0000aaf4     2ab (0000aac0)     _duty
0000aaf6     2ab (0000aac0)     _gTonOffset
0000aaf8     2ab (0000aac0)     _RED_ns
0000aafa     2ab (0000aac0)     _SumAdcBuf
0000aafc     2ab (0000aac0)     _gPulseWidth2_ns
0000aafe     2ab (0000aac0)     _gReferenceVoltage

0000ab00     2ac (0000ab00)     _SumAdcFiltBuf
0000ab02     2ac (0000ab00)     ___TI_cleanup_ptr
0000ab04     2ac (0000ab00)     ___TI_dtors_ptr

00047000    11c0 (00047000)     _Emif1Regs

00047800    11e0 (00047800)     _Emif2Regs

00050000    1400 (00050000)     _IpcRegs

0005d000    1740 (0005d000)     _DevCfgRegs

0005d180    1746 (0005d180)     _AnalogSubsysRegs

0005d200    1748 (0005d200)     _ClkCfgRegs

0005d300    174c (0005d300)     _CpuSysRegs

0005e608    1798 (0005e600)     _RomPrefetchRegs

0005f000    17c0 (0005f000)     _DcsmZ1Regs

0005f040    17c1 (0005f040)     _DcsmZ2Regs
0005f070    17c1 (0005f040)     _DcsmCommonRegs

0005f400    17d0 (0005f400)     _MemCfgRegs

0005f480    17d2 (0005f480)     _Emif1ConfigRegs
0005f4a0    17d2 (0005f480)     _Emif2ConfigRegs

0005f4c0    17d3 (0005f4c0)     _AccessProtectionRegs

0005f500    17d4 (0005f500)     _MemoryErrorRegs

0005f540    17d5 (0005f540)     _RomWaitStateRegs

0005f800    17e0 (0005f800)     _Flash0CtrlRegs

0005fb00    17ec (0005fb00)     _Flash0EccRegs

00078000    1e00 (00078000)     _DcsmZ1Otp

00078200    1e08 (00078200)     _DcsmZ2Otp


GLOBAL SYMBOLS: SORTED ALPHABETICALLY BY Name 

address    name
--------   ----
ffffffff   .text
0000905f   C$$EXIT
00008df2   FD$$ADD
0000b76b   FD$$DIV
00008f16   FD$$MPY
000003f1   FD$$SUB
000087d5   FD$$TOL
00008e8e   FS$$DIV
00009078   LL$$AND
00009080   LL$$OR
00009088   LL$$XOR
00009090   U$$TOFD
0000b606   _ADCA1_ISR
0000b5fb   _ADCA2_ISR
0000b5f0   _ADCA3_ISR
0000b5e5   _ADCA4_ISR
0000b5da   _ADCA_EVT_ISR
0000b5cf   _ADCB1_ISR
0000b5c4   _ADCB2_ISR
0000b5b9   _ADCB3_ISR
0000b5ae   _ADCB4_ISR
0000b5a3   _ADCB_EVT_ISR
0000b598   _ADCC1_ISR
0000b58d   _ADCC2_ISR
0000b582   _ADCC3_ISR
0000b577   _ADCC4_ISR
0000b56c   _ADCC_EVT_ISR
0000b561   _ADCD1_ISR
0000b556   _ADCD2_ISR
0000b54b   _ADCD3_ISR
0000b540   _ADCD4_ISR
0000b535   _ADCD_EVT_ISR
000088d1   _ADC_SetupDefault
00008959   _ADC_configure_tripPWM
000089b9   _ADC_to_default_settings
0000b52a   _AUX_PLL_SLIP_ISR
0005f4c0   _AccessProtectionRegs
00008b38   _AdcSetMode
00007400   _AdcaRegs
00000b00   _AdcaResultRegs
00007480   _AdcbRegs
00000b20   _AdcbResultRegs
00007500   _AdccRegs
00000b40   _AdccResultRegs
00007580   _AdcdRegs
00000b60   _AdcdResultRegs
0005d180   _AnalogSubsysRegs
0000869c   _AuxAuxClkSel
000086b7   _AuxIntOsc2Sel
000086a6   _AuxXtalOscSel
0000b51f   _CANA_1_ISR
0000b514   _CANA_2_ISR
0000b509   _CANB_1_ISR
0000b4fe   _CANB_2_ISR
0000b4f3   _CLA1_1_ISR
0000b4e8   _CLA1_2_ISR
0000b4dd   _CLA1_3_ISR
0000b4d2   _CLA1_4_ISR
0000b4c7   _CLA1_5_ISR
0000b4bc   _CLA1_6_ISR
0000b4b1   _CLA1_7_ISR
0000b4a6   _CLA1_8_ISR
0000b49b   _CLA_OVERFLOW_ISR
0000b490   _CLA_UNDERFLOW_ISR
00008811   _CPU_to_default_settings
00008ad5   _CTRL_init
00008488   _Calculate_optimal_freq
00008415   _Calculate_optimal_freq2
000081c8   _Calculate_optimal_freq3
00001400   _Cla1Regs
00000ce0   _Cla1SoftIntRegs
0005d200   _ClkCfgRegs
00005c80   _Cmpss1Regs
00005ca0   _Cmpss2Regs
00005cc0   _Cmpss3Regs
00005ce0   _Cmpss4Regs
00005d00   _Cmpss5Regs
00005d20   _Cmpss6Regs
00005d40   _Cmpss7Regs
00005d60   _Cmpss8Regs
00008fd4   _ConfigCpuTimer
0005d300   _CpuSysRegs
0000a9d0   _CpuTimer0
00000c00   _CpuTimer0Regs
0000a9e0   _CpuTimer1
00000c08   _CpuTimer1Regs
0000a9d8   _CpuTimer2
00000c10   _CpuTimer2Regs
000087b4   _CsmUnlock
0000b485   _DATALOG_ISR
0000b47a   _DMA_CH1_ISR
0000b46f   _DMA_CH2_ISR
0000b464   _DMA_CH3_ISR
0000b459   _DMA_CH4_ISR
0000b44e   _DMA_CH5_ISR
0000b443   _DMA_CH6_ISR
00005c00   _DacaRegs
00005c10   _DacbRegs
00005c20   _DaccRegs
0005f070   _DcsmCommonRegs
00078000   _DcsmZ1Otp
0005f000   _DcsmZ1Regs
00078200   _DcsmZ2Otp
0005f040   _DcsmZ2Regs
0005d000   _DevCfgRegs
000085af   _DisableDog
0000875f   _DisablePeripheralClocks
00007980   _DmaClaSrcSelRegs
00001000   _DmaRegs
0000b438   _ECAP1_ISR
0000b42d   _ECAP2_ISR
0000b422   _ECAP3_ISR
0000b417   _ECAP4_ISR
0000b40c   _ECAP5_ISR
0000b401   _ECAP6_ISR
00005000   _ECap1Regs
00005020   _ECap2Regs
00005040   _ECap3Regs
00005060   _ECap4Regs
00005080   _ECap5Regs
000050a0   _ECap6Regs
0000b3f6   _EMIF_ERROR_ISR
0000b3e9   _EMPTY_ISR
0000b3de   _EMU_ISR
0000b3d3   _EPWM10_ISR
0000b3c8   _EPWM10_TZ_ISR
0000b3bd   _EPWM11_ISR
0000b3b2   _EPWM11_TZ_ISR
0000b3a7   _EPWM12_ISR
0000b39c   _EPWM12_TZ_ISR
0000b391   _EPWM1_ISR
0000b386   _EPWM1_TZ_ISR
0000b37b   _EPWM2_ISR
0000b370   _EPWM2_TZ_ISR
0000b365   _EPWM3_ISR
0000b35a   _EPWM3_TZ_ISR
0000b34f   _EPWM4_ISR
0000b344   _EPWM4_TZ_ISR
0000b339   _EPWM5_ISR
0000b32e   _EPWM5_TZ_ISR
0000b323   _EPWM6_ISR
0000b318   _EPWM6_TZ_ISR
0000b30d   _EPWM7_ISR
0000b302   _EPWM7_TZ_ISR
0000b2f7   _EPWM8_ISR
0000b2ec   _EPWM8_TZ_ISR
0000b2e1   _EPWM9_ISR
0000b2d6   _EPWM9_TZ_ISR
00004900   _EPwm10Regs
00004a00   _EPwm11Regs
00004b00   _EPwm12Regs
00004000   _EPwm1Regs
00004100   _EPwm2Regs
00004200   _EPwm3Regs
00004300   _EPwm4Regs
00004400   _EPwm5Regs
00004500   _EPwm6Regs
00004600   _EPwm7Regs
00004700   _EPwm8Regs
00004800   _EPwm9Regs
00007a00   _EPwmXbarRegs
0000b2cb   _EQEP1_ISR
0000b2c0   _EQEP2_ISR
0000b2b5   _EQEP3_ISR
00005100   _EQep1Regs
00005140   _EQep2Regs
00005180   _EQep3Regs
0005f480   _Emif1ConfigRegs
00047000   _Emif1Regs
0005f4a0   _Emif2ConfigRegs
00047800   _Emif2Regs
00000d01   _EmuBMode
00000d00   _EmuKey
000003e8   _EnableInterrupts
00008844   _Enable_clock_for_default_peripherals
000001d5   _F28x_usDelay
0000aaca   _FED_ns
0000aad0   _FED_ps
0000b2aa   _FLASH_CORRECTABLE_ERROR_ISR
0000b29f   _FPU_OVERFLOW_ISR
0000b294   _FPU_UNDERFLOW_ISR
0005f800   _Flash0CtrlRegs
0005fb00   _Flash0EccRegs
000003b9   _GPIO_EnableUnbondedIOPullups
00000394   _GPIO_EnableUnbondedIOPullupsFor100Pin
0000037b   _GPIO_EnableUnbondedIOPullupsFor176Pin
00000368   _GPIO_ReadPin
00000346   _GPIO_SetupLock
000002e4   _GPIO_SetupPinMux
00000258   _GPIO_SetupPinOptions
00000251   _GPIO_SetupXINT1Gpio
0000024a   _GPIO_SetupXINT2Gpio
00000243   _GPIO_SetupXINT3Gpio
0000023c   _GPIO_SetupXINT4Gpio
00000235   _GPIO_SetupXINT5Gpio
0000021c   _GPIO_WritePin
0000886d   _GPIO_to_default_settings
00007c00   _GpioCtrlRegs
00007f00   _GpioDataRegs
0000879b   _HALT
0000877c   _HIB
0000b289   _I2CA_FIFO_ISR
0000b27e   _I2CA_ISR
0000b273   _I2CB_FIFO_ISR
0000b268   _I2CB_ISR
00007300   _I2caRegs
00007340   _I2cbRegs
00008756   _IDLE
0000b25d   _ILLEGAL_ISR
0000b252   _IPC0_ISR
0000b247   _IPC1_ISR
0000b23c   _IPC2_ISR
0000b231   _IPC3_ISR
000086c4   _InitAuxPll
00008f99   _InitCpuTimers
000001da   _InitGpio
000085bc   _InitPeripheralClocks
000003c9   _InitPieCtrl
000090ba   _InitPieVectTable
00008665   _InitSysCtrl
00008518   _InitSysPll
00007900   _InputXbarRegs
00050000   _IpcRegs
0000b226   _MCBSPA_RX_ISR
0000b21b   _MCBSPA_TX_ISR
0000b210   _MCBSPB_RX_ISR
0000b205   _MCBSPB_TX_ISR
0000aaac   _MEP_SF
0000a9ea   _MEP_ScaleFactor
00006000   _McbspaRegs
00006040   _McbspbRegs
0005f400   _MemCfgRegs
0005f500   _MemoryErrorRegs
0000b1fa   _NMI_ISR
0000b1ef   _NOTUSED_ISR
00007060   _NmiIntruptRegs
00007a80   _OutputXbarRegs
000087f4   _PID_init
0000b1e4   _PIE_RESERVED_ISR
000089e9   _PIE_to_default_settings
00008a9a   _PWM_all_to_default_settings
00008a10   _PWM_config_default
000090b1   _PWM_init_scale_factor_optimizer
000090a7   _PWM_scale_factor_optimizer_error
000090aa   _PWM_update_scale_factor_optimizer
00000ce0   _PieCtrlRegs
00000d00   _PieVectTable
0000a800   _PieVectTableInit
0000b1d9   _RAM_ACCESS_VIOLATION_ISR
0000b1ce   _RAM_CORRECTABLE_ERROR_ISR
0000aaf8   _RED_ns
0000aacc   _RED_ps
0000b1c3   _RTOS_ISR
0005e608   _RomPrefetchRegs
0005f540   _RomWaitStateRegs
0000aac3   _RunPWM
0000b1b8   _SCIA_RX_ISR
0000b1ad   _SCIA_TX_ISR
0000b1a2   _SCIB_RX_ISR
0000b197   _SCIB_TX_ISR
0000b18c   _SCIC_RX_ISR
0000b181   _SCIC_TX_ISR
0000b176   _SCID_RX_ISR
0000b16b   _SCID_TX_ISR
0000b160   _SD1_ISR
0000b155   _SD2_ISR
0000b611   _SFO
0000aaab   _SFO_CAL
0000b14a   _SPIA_RX_ISR
0000b13f   _SPIA_TX_ISR
0000b134   _SPIB_RX_ISR
0000b129   _SPIB_TX_ISR
0000b11e   _SPIC_RX_ISR
0000b113   _SPIC_TX_ISR
0000850d   _STANDBY
0000b108   _SYS_PLL_SLIP_ISR
00007200   _SciaRegs
00007210   _ScibRegs
00007220   _ScicRegs
00007230   _ScidRegs
00005e00   _Sdfm1Regs
00005e80   _Sdfm2Regs
000084ff   _ServiceDog
00006100   _SpiaRegs
00006110   _SpibRegs
00006120   _SpicRegs
0000aafa   _SumAdcBuf
0000ab00   _SumAdcFiltBuf
0000aac1   _SwitchingFrequencyKHz
000084f5   _SysIntOsc1Sel
000084eb   _SysIntOsc2Sel
000084df   _SysXtalOscSel
00008b17   _System_init
0000b0fd   _TIMER0_ISR
0000b0f2   _TIMER1_ISR
0000b0e7   _TIMER2_ISR
00008800   _TIMERS_to_default_settings
00008400   _TestLED
00007940   _TrigRegs
0000b0dc   _UPPA_ISR
0000b0d1   _USBA_ISR
0000b0c6   _USER10_ISR
0000b0bb   _USER11_ISR
0000b0b0   _USER12_ISR
0000b0a5   _USER1_ISR
0000b09a   _USER2_ISR
0000b08f   _USER3_ISR
0000b084   _USER4_ISR
0000b079   _USER5_ISR
0000b06e   _USER6_ISR
0000b063   _USER7_ISR
0000b058   _USER8_ISR
0000b04d   _USER9_ISR
00006200   _UppRegs
0000b042   _VCU_ISR
0000aaec   _Vout
0000aaea   _VoutFilt
0000b037   _WAKE_ISR
00007000   _WdRegs
0000b02c   _XINT1_ISR
0000b021   _XINT2_ISR
0000b016   _XINT3_ISR
0000b00b   _XINT4_ISR
0000b000   _XINT5_ISR
00007920   _XbarRegs
00007070   _XintRegs
00000500   __STACK_END
00000100   __STACK_SIZE
00000001   __TI_args_main
0000ab02   ___TI_cleanup_ptr
0000ab04   ___TI_dtors_ptr
ffffffff   ___binit__
ffffffff   ___c_args__
00000122   ___cinit__
ffffffff   ___etext__
ffffffff   ___pinit__
ffffffff   ___text__
00009046   __args_main
0000aaba   __lock
000003ff   __nop
00000400   __stack
0000aabc   __unlock
0000905f   _abort
00008dbd   _adcb_ppb_isr
00008d88   _adcd_ppb_isr
00009000   _c_int00
00008c6d   _control_output_voltage
0000a9fe   _cpu
00008d76   _cpu_timer1_isr
00008d26   _cpu_timer2_isr
0000aac5   _delay
0000aaf4   _duty
0000aaf2   _duty_increment
0000a9ec   _ePWM
00009061   _exit
0000aace   _gA1
0000aab6   _gADC_inputCurrent_trip_limitHigh
0000aab5   _gADC_inputCurrent_trip_limitLow
0000aab8   _gADC_outputCurrent_trip_limitHigh
0000aab7   _gADC_outputCurrent_trip_limitLow
0000aad2   _gActualDuty
0000aa40   _gAdcaBufCounts
0000aa80   _gAdcdBufCounts
0000aac6   _gB1
0000aae4   _gCompareA
0000aadc   _gCtrl_Ton_offset
0000aad8   _gCtrl_Ton_scale
0000aada   _gDbfedOffset
0000aad4   _gDbredOffset
0000aac0   _gEnablePID
0000aac4   _gEnableSetFreq
0000aa01   _gLEDcnt
0000aae0   _gLoadDuty
0000a9e9   _gMinPulseWidthHighSide_ns
0000a9e8   _gMinPulseWidthLowSide_ns
0000aac8   _gOptimalFreq
0000aa06   _gOutputCurrent
0000aa02   _gOutputCurrentCounts
0000aa08   _gOutputVoltage
0000aa03   _gOutputVoltageCounts
0000aa0a   _gPIDOutputVoltage
0000aa04   _gPIDOutputVoltageHandle
0000aae2   _gPeriod
0000aaf0   _gPeriod_ns
0000aaee   _gPulseWidth1_ns
0000aafc   _gPulseWidth2_ns
0000aafe   _gReferenceVoltage
0000aac2   _gReferenceVoltageCounts
0000aade   _gTon
0000aad6   _gTonAddedScale
0000aaf6   _gTonOffset
00008c35   _get_average
00008c61   _get_sum
00008217   _main
0000aae6   _maxDuty
0000aae8   _minDuty
00008c47   _read_adc_data
00008108   _test1
00008000   _test2
ffffffff   binit
00000122   cinit
00000000   code_start
ffffffff   etext
ffffffff   pinit


GLOBAL SYMBOLS: SORTED BY Symbol Address 

address    name
--------   ----
00000000   code_start
00000001   __TI_args_main
00000100   __STACK_SIZE
00000122   ___cinit__
00000122   cinit
000001d5   _F28x_usDelay
000001da   _InitGpio
0000021c   _GPIO_WritePin
00000235   _GPIO_SetupXINT5Gpio
0000023c   _GPIO_SetupXINT4Gpio
00000243   _GPIO_SetupXINT3Gpio
0000024a   _GPIO_SetupXINT2Gpio
00000251   _GPIO_SetupXINT1Gpio
00000258   _GPIO_SetupPinOptions
000002e4   _GPIO_SetupPinMux
00000346   _GPIO_SetupLock
00000368   _GPIO_ReadPin
0000037b   _GPIO_EnableUnbondedIOPullupsFor176Pin
00000394   _GPIO_EnableUnbondedIOPullupsFor100Pin
000003b9   _GPIO_EnableUnbondedIOPullups
000003c9   _InitPieCtrl
000003e8   _EnableInterrupts
000003f1   FD$$SUB
000003ff   __nop
00000400   __stack
00000500   __STACK_END
00000b00   _AdcaResultRegs
00000b20   _AdcbResultRegs
00000b40   _AdccResultRegs
00000b60   _AdcdResultRegs
00000c00   _CpuTimer0Regs
00000c08   _CpuTimer1Regs
00000c10   _CpuTimer2Regs
00000ce0   _Cla1SoftIntRegs
00000ce0   _PieCtrlRegs
00000d00   _EmuKey
00000d00   _PieVectTable
00000d01   _EmuBMode
00001000   _DmaRegs
00001400   _Cla1Regs
00004000   _EPwm1Regs
00004100   _EPwm2Regs
00004200   _EPwm3Regs
00004300   _EPwm4Regs
00004400   _EPwm5Regs
00004500   _EPwm6Regs
00004600   _EPwm7Regs
00004700   _EPwm8Regs
00004800   _EPwm9Regs
00004900   _EPwm10Regs
00004a00   _EPwm11Regs
00004b00   _EPwm12Regs
00005000   _ECap1Regs
00005020   _ECap2Regs
00005040   _ECap3Regs
00005060   _ECap4Regs
00005080   _ECap5Regs
000050a0   _ECap6Regs
00005100   _EQep1Regs
00005140   _EQep2Regs
00005180   _EQep3Regs
00005c00   _DacaRegs
00005c10   _DacbRegs
00005c20   _DaccRegs
00005c80   _Cmpss1Regs
00005ca0   _Cmpss2Regs
00005cc0   _Cmpss3Regs
00005ce0   _Cmpss4Regs
00005d00   _Cmpss5Regs
00005d20   _Cmpss6Regs
00005d40   _Cmpss7Regs
00005d60   _Cmpss8Regs
00005e00   _Sdfm1Regs
00005e80   _Sdfm2Regs
00006000   _McbspaRegs
00006040   _McbspbRegs
00006100   _SpiaRegs
00006110   _SpibRegs
00006120   _SpicRegs
00006200   _UppRegs
00007000   _WdRegs
00007060   _NmiIntruptRegs
00007070   _XintRegs
00007200   _SciaRegs
00007210   _ScibRegs
00007220   _ScicRegs
00007230   _ScidRegs
00007300   _I2caRegs
00007340   _I2cbRegs
00007400   _AdcaRegs
00007480   _AdcbRegs
00007500   _AdccRegs
00007580   _AdcdRegs
00007900   _InputXbarRegs
00007920   _XbarRegs
00007940   _TrigRegs
00007980   _DmaClaSrcSelRegs
00007a00   _EPwmXbarRegs
00007a80   _OutputXbarRegs
00007c00   _GpioCtrlRegs
00007f00   _GpioDataRegs
00008000   _test2
00008108   _test1
000081c8   _Calculate_optimal_freq3
00008217   _main
00008400   _TestLED
00008415   _Calculate_optimal_freq2
00008488   _Calculate_optimal_freq
000084df   _SysXtalOscSel
000084eb   _SysIntOsc2Sel
000084f5   _SysIntOsc1Sel
000084ff   _ServiceDog
0000850d   _STANDBY
00008518   _InitSysPll
000085af   _DisableDog
000085bc   _InitPeripheralClocks
00008665   _InitSysCtrl
0000869c   _AuxAuxClkSel
000086a6   _AuxXtalOscSel
000086b7   _AuxIntOsc2Sel
000086c4   _InitAuxPll
00008756   _IDLE
0000875f   _DisablePeripheralClocks
0000877c   _HIB
0000879b   _HALT
000087b4   _CsmUnlock
000087d5   FD$$TOL
000087f4   _PID_init
00008800   _TIMERS_to_default_settings
00008811   _CPU_to_default_settings
00008844   _Enable_clock_for_default_peripherals
0000886d   _GPIO_to_default_settings
000088d1   _ADC_SetupDefault
00008959   _ADC_configure_tripPWM
000089b9   _ADC_to_default_settings
000089e9   _PIE_to_default_settings
00008a10   _PWM_config_default
00008a9a   _PWM_all_to_default_settings
00008ad5   _CTRL_init
00008b17   _System_init
00008b38   _AdcSetMode
00008c35   _get_average
00008c47   _read_adc_data
00008c61   _get_sum
00008c6d   _control_output_voltage
00008d26   _cpu_timer2_isr
00008d76   _cpu_timer1_isr
00008d88   _adcd_ppb_isr
00008dbd   _adcb_ppb_isr
00008df2   FD$$ADD
00008e8e   FS$$DIV
00008f16   FD$$MPY
00008f99   _InitCpuTimers
00008fd4   _ConfigCpuTimer
00009000   _c_int00
00009046   __args_main
0000905f   C$$EXIT
0000905f   _abort
00009061   _exit
00009078   LL$$AND
00009080   LL$$OR
00009088   LL$$XOR
00009090   U$$TOFD
000090a7   _PWM_scale_factor_optimizer_error
000090aa   _PWM_update_scale_factor_optimizer
000090b1   _PWM_init_scale_factor_optimizer
000090ba   _InitPieVectTable
0000a800   _PieVectTableInit
0000a9d0   _CpuTimer0
0000a9d8   _CpuTimer2
0000a9e0   _CpuTimer1
0000a9e8   _gMinPulseWidthLowSide_ns
0000a9e9   _gMinPulseWidthHighSide_ns
0000a9ea   _MEP_ScaleFactor
0000a9ec   _ePWM
0000a9fe   _cpu
0000aa01   _gLEDcnt
0000aa02   _gOutputCurrentCounts
0000aa03   _gOutputVoltageCounts
0000aa04   _gPIDOutputVoltageHandle
0000aa06   _gOutputCurrent
0000aa08   _gOutputVoltage
0000aa0a   _gPIDOutputVoltage
0000aa40   _gAdcaBufCounts
0000aa80   _gAdcdBufCounts
0000aaab   _SFO_CAL
0000aaac   _MEP_SF
0000aab5   _gADC_inputCurrent_trip_limitLow
0000aab6   _gADC_inputCurrent_trip_limitHigh
0000aab7   _gADC_outputCurrent_trip_limitLow
0000aab8   _gADC_outputCurrent_trip_limitHigh
0000aaba   __lock
0000aabc   __unlock
0000aac0   _gEnablePID
0000aac1   _SwitchingFrequencyKHz
0000aac2   _gReferenceVoltageCounts
0000aac3   _RunPWM
0000aac4   _gEnableSetFreq
0000aac5   _delay
0000aac6   _gB1
0000aac8   _gOptimalFreq
0000aaca   _FED_ns
0000aacc   _RED_ps
0000aace   _gA1
0000aad0   _FED_ps
0000aad2   _gActualDuty
0000aad4   _gDbredOffset
0000aad6   _gTonAddedScale
0000aad8   _gCtrl_Ton_scale
0000aada   _gDbfedOffset
0000aadc   _gCtrl_Ton_offset
0000aade   _gTon
0000aae0   _gLoadDuty
0000aae2   _gPeriod
0000aae4   _gCompareA
0000aae6   _maxDuty
0000aae8   _minDuty
0000aaea   _VoutFilt
0000aaec   _Vout
0000aaee   _gPulseWidth1_ns
0000aaf0   _gPeriod_ns
0000aaf2   _duty_increment
0000aaf4   _duty
0000aaf6   _gTonOffset
0000aaf8   _RED_ns
0000aafa   _SumAdcBuf
0000aafc   _gPulseWidth2_ns
0000aafe   _gReferenceVoltage
0000ab00   _SumAdcFiltBuf
0000ab02   ___TI_cleanup_ptr
0000ab04   ___TI_dtors_ptr
0000b000   _XINT5_ISR
0000b00b   _XINT4_ISR
0000b016   _XINT3_ISR
0000b021   _XINT2_ISR
0000b02c   _XINT1_ISR
0000b037   _WAKE_ISR
0000b042   _VCU_ISR
0000b04d   _USER9_ISR
0000b058   _USER8_ISR
0000b063   _USER7_ISR
0000b06e   _USER6_ISR
0000b079   _USER5_ISR
0000b084   _USER4_ISR
0000b08f   _USER3_ISR
0000b09a   _USER2_ISR
0000b0a5   _USER1_ISR
0000b0b0   _USER12_ISR
0000b0bb   _USER11_ISR
0000b0c6   _USER10_ISR
0000b0d1   _USBA_ISR
0000b0dc   _UPPA_ISR
0000b0e7   _TIMER2_ISR
0000b0f2   _TIMER1_ISR
0000b0fd   _TIMER0_ISR
0000b108   _SYS_PLL_SLIP_ISR
0000b113   _SPIC_TX_ISR
0000b11e   _SPIC_RX_ISR
0000b129   _SPIB_TX_ISR
0000b134   _SPIB_RX_ISR
0000b13f   _SPIA_TX_ISR
0000b14a   _SPIA_RX_ISR
0000b155   _SD2_ISR
0000b160   _SD1_ISR
0000b16b   _SCID_TX_ISR
0000b176   _SCID_RX_ISR
0000b181   _SCIC_TX_ISR
0000b18c   _SCIC_RX_ISR
0000b197   _SCIB_TX_ISR
0000b1a2   _SCIB_RX_ISR
0000b1ad   _SCIA_TX_ISR
0000b1b8   _SCIA_RX_ISR
0000b1c3   _RTOS_ISR
0000b1ce   _RAM_CORRECTABLE_ERROR_ISR
0000b1d9   _RAM_ACCESS_VIOLATION_ISR
0000b1e4   _PIE_RESERVED_ISR
0000b1ef   _NOTUSED_ISR
0000b1fa   _NMI_ISR
0000b205   _MCBSPB_TX_ISR
0000b210   _MCBSPB_RX_ISR
0000b21b   _MCBSPA_TX_ISR
0000b226   _MCBSPA_RX_ISR
0000b231   _IPC3_ISR
0000b23c   _IPC2_ISR
0000b247   _IPC1_ISR
0000b252   _IPC0_ISR
0000b25d   _ILLEGAL_ISR
0000b268   _I2CB_ISR
0000b273   _I2CB_FIFO_ISR
0000b27e   _I2CA_ISR
0000b289   _I2CA_FIFO_ISR
0000b294   _FPU_UNDERFLOW_ISR
0000b29f   _FPU_OVERFLOW_ISR
0000b2aa   _FLASH_CORRECTABLE_ERROR_ISR
0000b2b5   _EQEP3_ISR
0000b2c0   _EQEP2_ISR
0000b2cb   _EQEP1_ISR
0000b2d6   _EPWM9_TZ_ISR
0000b2e1   _EPWM9_ISR
0000b2ec   _EPWM8_TZ_ISR
0000b2f7   _EPWM8_ISR
0000b302   _EPWM7_TZ_ISR
0000b30d   _EPWM7_ISR
0000b318   _EPWM6_TZ_ISR
0000b323   _EPWM6_ISR
0000b32e   _EPWM5_TZ_ISR
0000b339   _EPWM5_ISR
0000b344   _EPWM4_TZ_ISR
0000b34f   _EPWM4_ISR
0000b35a   _EPWM3_TZ_ISR
0000b365   _EPWM3_ISR
0000b370   _EPWM2_TZ_ISR
0000b37b   _EPWM2_ISR
0000b386   _EPWM1_TZ_ISR
0000b391   _EPWM1_ISR
0000b39c   _EPWM12_TZ_ISR
0000b3a7   _EPWM12_ISR
0000b3b2   _EPWM11_TZ_ISR
0000b3bd   _EPWM11_ISR
0000b3c8   _EPWM10_TZ_ISR
0000b3d3   _EPWM10_ISR
0000b3de   _EMU_ISR
0000b3e9   _EMPTY_ISR
0000b3f6   _EMIF_ERROR_ISR
0000b401   _ECAP6_ISR
0000b40c   _ECAP5_ISR
0000b417   _ECAP4_ISR
0000b422   _ECAP3_ISR
0000b42d   _ECAP2_ISR
0000b438   _ECAP1_ISR
0000b443   _DMA_CH6_ISR
0000b44e   _DMA_CH5_ISR
0000b459   _DMA_CH4_ISR
0000b464   _DMA_CH3_ISR
0000b46f   _DMA_CH2_ISR
0000b47a   _DMA_CH1_ISR
0000b485   _DATALOG_ISR
0000b490   _CLA_UNDERFLOW_ISR
0000b49b   _CLA_OVERFLOW_ISR
0000b4a6   _CLA1_8_ISR
0000b4b1   _CLA1_7_ISR
0000b4bc   _CLA1_6_ISR
0000b4c7   _CLA1_5_ISR
0000b4d2   _CLA1_4_ISR
0000b4dd   _CLA1_3_ISR
0000b4e8   _CLA1_2_ISR
0000b4f3   _CLA1_1_ISR
0000b4fe   _CANB_2_ISR
0000b509   _CANB_1_ISR
0000b514   _CANA_2_ISR
0000b51f   _CANA_1_ISR
0000b52a   _AUX_PLL_SLIP_ISR
0000b535   _ADCD_EVT_ISR
0000b540   _ADCD4_ISR
0000b54b   _ADCD3_ISR
0000b556   _ADCD2_ISR
0000b561   _ADCD1_ISR
0000b56c   _ADCC_EVT_ISR
0000b577   _ADCC4_ISR
0000b582   _ADCC3_ISR
0000b58d   _ADCC2_ISR
0000b598   _ADCC1_ISR
0000b5a3   _ADCB_EVT_ISR
0000b5ae   _ADCB4_ISR
0000b5b9   _ADCB3_ISR
0000b5c4   _ADCB2_ISR
0000b5cf   _ADCB1_ISR
0000b5da   _ADCA_EVT_ISR
0000b5e5   _ADCA4_ISR
0000b5f0   _ADCA3_ISR
0000b5fb   _ADCA2_ISR
0000b606   _ADCA1_ISR
0000b611   _SFO
0000b76b   FD$$DIV
00047000   _Emif1Regs
00047800   _Emif2Regs
00050000   _IpcRegs
0005d000   _DevCfgRegs
0005d180   _AnalogSubsysRegs
0005d200   _ClkCfgRegs
0005d300   _CpuSysRegs
0005e608   _RomPrefetchRegs
0005f000   _DcsmZ1Regs
0005f040   _DcsmZ2Regs
0005f070   _DcsmCommonRegs
0005f400   _MemCfgRegs
0005f480   _Emif1ConfigRegs
0005f4a0   _Emif2ConfigRegs
0005f4c0   _AccessProtectionRegs
0005f500   _MemoryErrorRegs
0005f540   _RomWaitStateRegs
0005f800   _Flash0CtrlRegs
0005fb00   _Flash0EccRegs
00078000   _DcsmZ1Otp
00078200   _DcsmZ2Otp
ffffffff   .text
ffffffff   ___binit__
ffffffff   ___c_args__
ffffffff   ___etext__
ffffffff   ___pinit__
ffffffff   ___text__
ffffffff   binit
ffffffff   etext
ffffffff   pinit

[404 symbols]
